I'm sorry, but errors were detected in your script. Please correct the
errors listed below, and try again.


File "game/screens.rpy", line 768: u'Fl_leftside_podsk' is not a keyword argument or valid child for the text statement.
    Fl_leftside_podsk
                     ^

Ren'Py Version: Ren'Py 7.4.11.2266
Fri Apr 12 01:16:42 2024
